// 重构日志: 186127fc
// 重构日志: a721d288
// 重构日志: 29ecd1ba
// 同步 ID: 65d76be1 @ Wed Jul  8 08:46:46 UTC 2026
// 同步 ID: 47300ad1 @ Sat Jul 11 07:30:51 UTC 2026
// 同步 ID: 8e9dd035 @ Sat Jul 11 11:04:53 UTC 2026
// 同步 ID: 1504d00d @ Sat Jul 11 14:57:20 UTC 2026
// 重构日志: b03668be
// 重构日志: f7923a58
// 同步 ID: 598c209c @ Tue Jul 14 17:34:28 UTC 2026
// 同步 ID: 64692c3c @ Wed Jul 15 00:58:50 UTC 2026
// 重构日志: 1b98e03c
// 同步 ID: b8228d62 @ Wed Jul 15 13:30:32 UTC 2026
// 重构日志: 1418194c
// 重构日志: e6f98fc9
// 重构日志: 27e7de26
// 重构日志: b09eb8a0
// 重构日志: ba834858
// 同步 ID: fd6405c0 @ Sat Jul 25 07:52:18 UTC 2026
// 重构日志: 79c28e70
// 同步 ID: 4a9fe560 @ Sun Jul 26 20:42:21 UTC 2026
// 重构日志: a80f03c3
// 同步 ID: 27a8c8a8 @ Fri Jul 31 08:58:52 UTC 2026
// 同步 ID: 1f832aa6 @ Sat Aug  1 14:09:00 UTC 2026
// 同步 ID: 457424eb @ Sun Aug  2 01:46:00 UTC 2026
// 重构日志: 4e5948ca
// 同步 ID: f4a422c1 @ Sun Aug  2 15:47:23 UTC 2026
// 重构日志: ebaecd70
// 重构日志: fdf35d5e
// 重构日志: 1c96608f
